17:49:46 **** Incremental Build of configuration Debug for project aplicacion-1.4 ****
make -j12 all 
arm-none-eabi-gcc "../Core/Src/main.c" -mcpu=cortex-m4 -std=gnu11 -g3 -DDEBUG -DUSE_HAL_DRIVER -DSTM32F429xx -c -I../Core/Inc -I../Drivers/STM32F4xx_HAL_Driver/Inc -I../Drivers/STM32F4xx_HAL_Driver/Inc/Legacy -I../Drivers/CMSIS/Device/ST/STM32F4xx/Include -I../Drivers/CMSIS/Include -O0 -ffunction-sections -fdata-sections -Wall -fstack-usage -fcyclomatic-complexity -MMD -MP -MF"Core/Src/main.d" -MT"Core/Src/main.o" --specs=nano.specs -mfpu=fpv4-sp-d16 -mfloat-abi=hard -mthumb -o "Core/Src/main.o"
arm-none-eabi-gcc -o "aplicacion-1.4.elf" @"objects.list"   -mcpu=cortex-m4 -T"E:\tecnicas digitales 2\trabajos practicos\aplicacion-1.4\STM32F429ZITX_FLASH.ld" --specs=nosys.specs -Wl,-Map="aplicacion-1.4.map" -Wl,--gc-sections -static --specs=nano.specs -mfpu=fpv4-sp-d16 -mfloat-abi=hard -mthumb -Wl,--start-group -lc -lm -Wl,--end-group
Finished building target: aplicacion-1.4.elf
 
arm-none-eabi-size  aplicacion-1.4.elf 
arm-none-eabi-objdump -h -S aplicacion-1.4.elf  > "aplicacion-1.4.list"
Finished building: aplicacion-1.4.list
 
   text	   data	    bss	    dec	    hex	filename
  12828	     12	   3452	  16292	   3fa4	aplicacion-1.4.elf
Finished building: default.size.stdout
 

17:49:49 Build Finished. 0 errors, 0 warnings. (took 2s.289ms)

