14:57:54 **** Incremental Build of configuration Debug for project app 1.1 ****
make -j12 all 
arm-none-eabi-gcc "../Core/Src/main.c" -mcpu=cortex-m4 -std=gnu11 -g3 -DDEBUG -DUSE_HAL_DRIVER -DSTM32F429xx -c -I../Core/Inc -I../Drivers/STM32F4xx_HAL_Driver/Inc -I../Drivers/STM32F4xx_HAL_Driver/Inc/Legacy -I../Drivers/CMSIS/Device/ST/STM32F4xx/Include -I../Drivers/CMSIS/Include -O0 -ffunction-sections -fdata-sections -Wall -fstack-usage -fcyclomatic-complexity -MMD -MP -MF"Core/Src/main.d" -MT"Core/Src/main.o" --specs=nano.specs -mfpu=fpv4-sp-d16 -mfloat-abi=hard -mthumb -o "Core/Src/main.o"
arm-none-eabi-gcc -o "app 1.1.elf" @"objects.list"   -mcpu=cortex-m4 -T"E:\tecnicas digitales 2\trabajos practicos\app 1.1\STM32F429ZITX_FLASH.ld" --specs=nosys.specs -Wl,-Map="app 1.1.map" -Wl,--gc-sections -static --specs=nano.specs -mfpu=fpv4-sp-d16 -mfloat-abi=hard -mthumb -Wl,--start-group -lc -lm -Wl,--end-group
Finished building target: app 1.1.elf
 
arm-none-eabi-size  app\ 1.1.elf 
arm-none-eabi-objdump -h -S app\ 1.1.elf  > "app 1.1.list"
   text	   data	    bss	    dec	    hex	filename
  12712	     12	   3452	  16176	   3f30	app 1.1.elf
Finished building: default.size.stdout
 
Finished building: app 1.1.list
 

14:57:56 Build Finished. 0 errors, 0 warnings. (took 1s.877ms)

